// Jest Snapshot v1, https://jestjs.io/docs/snapshot-testing

exports[`Integrator Testing Should match snapshot 1`] = `
{
  "Mappings": {
    "LatestNodeRuntimeMap": {
      "af-south-1": {
        "value": "nodejs20.x",
      },
      "ap-east-1": {
        "value": "nodejs20.x",
      },
      "ap-northeast-1": {
        "value": "nodejs20.x",
      },
      "ap-northeast-2": {
        "value": "nodejs20.x",
      },
      "ap-northeast-3": {
        "value": "nodejs20.x",
      },
      "ap-south-1": {
        "value": "nodejs20.x",
      },
      "ap-south-2": {
        "value": "nodejs20.x",
      },
      "ap-southeast-1": {
        "value": "nodejs20.x",
      },
      "ap-southeast-2": {
        "value": "nodejs20.x",
      },
      "ap-southeast-3": {
        "value": "nodejs20.x",
      },
      "ap-southeast-4": {
        "value": "nodejs20.x",
      },
      "ap-southeast-5": {
        "value": "nodejs20.x",
      },
      "ap-southeast-7": {
        "value": "nodejs20.x",
      },
      "ca-central-1": {
        "value": "nodejs20.x",
      },
      "ca-west-1": {
        "value": "nodejs20.x",
      },
      "cn-north-1": {
        "value": "nodejs20.x",
      },
      "cn-northwest-1": {
        "value": "nodejs20.x",
      },
      "eu-central-1": {
        "value": "nodejs20.x",
      },
      "eu-central-2": {
        "value": "nodejs20.x",
      },
      "eu-isoe-west-1": {
        "value": "nodejs18.x",
      },
      "eu-north-1": {
        "value": "nodejs20.x",
      },
      "eu-south-1": {
        "value": "nodejs20.x",
      },
      "eu-south-2": {
        "value": "nodejs20.x",
      },
      "eu-west-1": {
        "value": "nodejs20.x",
      },
      "eu-west-2": {
        "value": "nodejs20.x",
      },
      "eu-west-3": {
        "value": "nodejs20.x",
      },
      "il-central-1": {
        "value": "nodejs20.x",
      },
      "me-central-1": {
        "value": "nodejs20.x",
      },
      "me-south-1": {
        "value": "nodejs20.x",
      },
      "mx-central-1": {
        "value": "nodejs20.x",
      },
      "sa-east-1": {
        "value": "nodejs20.x",
      },
      "us-east-1": {
        "value": "nodejs20.x",
      },
      "us-east-2": {
        "value": "nodejs20.x",
      },
      "us-gov-east-1": {
        "value": "nodejs20.x",
      },
      "us-gov-west-1": {
        "value": "nodejs20.x",
      },
      "us-iso-east-1": {
        "value": "nodejs18.x",
      },
      "us-iso-west-1": {
        "value": "nodejs18.x",
      },
      "us-isob-east-1": {
        "value": "nodejs18.x",
      },
      "us-west-1": {
        "value": "nodejs20.x",
      },
      "us-west-2": {
        "value": "nodejs20.x",
      },
    },
    "ParamsandsecretslayerMap": {
      "af-south-1": {
        "1x0x103xarm64": "arn:aws:lambda:af-south-1:317013901791:layer:AWS-Parameters-and-Secrets-Lambda-Extension-Arm64:1",
      },
      "ap-east-1": {
        "1x0x103xarm64": "arn:aws:lambda:ap-east-1:768336418462:layer:AWS-Parameters-and-Secrets-Lambda-Extension-Arm64:1",
      },
      "ap-northeast-1": {
        "1x0x103xarm64": "arn:aws:lambda:ap-northeast-1:133490724326:layer:AWS-Parameters-and-Secrets-Lambda-Extension-Arm64:4",
      },
      "ap-northeast-2": {
        "1x0x103xarm64": "arn:aws:lambda:ap-northeast-2:738900069198:layer:AWS-Parameters-and-Secrets-Lambda-Extension-Arm64:1",
      },
      "ap-south-1": {
        "1x0x103xarm64": "arn:aws:lambda:ap-south-1:176022468876:layer:AWS-Parameters-and-Secrets-Lambda-Extension-Arm64:4",
      },
      "ap-southeast-1": {
        "1x0x103xarm64": "arn:aws:lambda:ap-southeast-1:044395824272:layer:AWS-Parameters-and-Secrets-Lambda-Extension-Arm64:4",
      },
      "ap-southeast-2": {
        "1x0x103xarm64": "arn:aws:lambda:ap-southeast-2:665172237481:layer:AWS-Parameters-and-Secrets-Lambda-Extension-Arm64:4",
      },
      "ap-southeast-3": {
        "1x0x103xarm64": "arn:aws:lambda:ap-southeast-3:490737872127:layer:AWS-Parameters-and-Secrets-Lambda-Extension-Arm64:1",
      },
      "ca-central-1": {
        "1x0x103xarm64": "arn:aws:lambda:ca-central-1:200266452380:layer:AWS-Parameters-and-Secrets-Lambda-Extension-Arm64:1",
      },
      "eu-central-1": {
        "1x0x103xarm64": "arn:aws:lambda:eu-central-1:187925254637:layer:AWS-Parameters-and-Secrets-Lambda-Extension-Arm64:4",
      },
      "eu-north-1": {
        "1x0x103xarm64": "arn:aws:lambda:eu-north-1:427196147048:layer:AWS-Parameters-and-Secrets-Lambda-Extension-Arm64:1",
      },
      "eu-south-1": {
        "1x0x103xarm64": "arn:aws:lambda:eu-south-1:325218067255:layer:AWS-Parameters-and-Secrets-Lambda-Extension-Arm64:1",
      },
      "eu-west-1": {
        "1x0x103xarm64": "arn:aws:lambda:eu-west-1:015030872274:layer:AWS-Parameters-and-Secrets-Lambda-Extension-Arm64:4",
      },
      "eu-west-2": {
        "1x0x103xarm64": "arn:aws:lambda:eu-west-2:133256977650:layer:AWS-Parameters-and-Secrets-Lambda-Extension-Arm64:4",
      },
      "eu-west-3": {
        "1x0x103xarm64": "arn:aws:lambda:eu-west-3:780235371811:layer:AWS-Parameters-and-Secrets-Lambda-Extension-Arm64:1",
      },
      "me-south-1": {
        "1x0x103xarm64": "arn:aws:lambda:me-south-1:832021897121:layer:AWS-Parameters-and-Secrets-Lambda-Extension-Arm64:1",
      },
      "sa-east-1": {
        "1x0x103xarm64": "arn:aws:lambda:sa-east-1:933737806257:layer:AWS-Parameters-and-Secrets-Lambda-Extension-Arm64:1",
      },
      "us-east-1": {
        "1x0x103xarm64": "arn:aws:lambda:us-east-1:177933569100:layer:AWS-Parameters-and-Secrets-Lambda-Extension-Arm64:4",
      },
      "us-east-2": {
        "1x0x103xarm64": "arn:aws:lambda:us-east-2:590474943231:layer:AWS-Parameters-and-Secrets-Lambda-Extension-Arm64:4",
      },
      "us-west-1": {
        "1x0x103xarm64": "arn:aws:lambda:us-west-1:997803712105:layer:AWS-Parameters-and-Secrets-Lambda-Extension-Arm64:1",
      },
      "us-west-2": {
        "1x0x103xarm64": "arn:aws:lambda:us-west-2:345057560386:layer:AWS-Parameters-and-Secrets-Lambda-Extension-Arm64:4",
      },
    },
  },
  "Parameters": {
    "BootstrapVersion": {
      "Default": "/cdk-bootstrap/hnb659fds/version",
      "Description": "Version of the CDK Bootstrap resources in this environment, automatically retrieved from SSM Parameter Store. [cdk:skip]",
      "Type": "AWS::SSM::Parameter::Value<String>",
    },
  },
  "Resources": {
    "BitbucketDevinSlackIntegratorBitbucketMargeRequestTimestampTable5DFFF1B0": {
      "DeletionPolicy": "Delete",
      "Properties": {
        "AttributeDefinitions": [
          {
            "AttributeName": "prid",
            "AttributeType": "N",
          },
        ],
        "BillingMode": "PAY_PER_REQUEST",
        "KeySchema": [
          {
            "AttributeName": "prid",
            "KeyType": "HASH",
          },
        ],
      },
      "Type": "AWS::DynamoDB::Table",
      "UpdateReplacePolicy": "Delete",
    },
    "BitbucketDevinSlackIntegratorIntegratorFunction7E58E405": {
      "DependsOn": [
        "BitbucketDevinSlackIntegratorIntegratorFunctionExecutionRole8E4F377B",
      ],
      "Properties": {
        "Architectures": [
          "arm64",
        ],
        "Code": {
          "S3Bucket": {
            "Fn::Sub": "cdk-hnb659fds-assets-\${AWS::AccountId}-\${AWS::Region}",
          },
          "S3Key": "39f774fad133618142db21fa56affc6a6a548717d337286b9458c0a17844fdc0.zip",
        },
        "Description": "Send Slack message for Bitbucket webhook",
        "Environment": {
          "Variables": {
            "AWS_NODEJS_CONNECTION_REUSE_ENABLED": "1",
            "PARAMETERS_SECRETS_EXTENSION_CACHE_ENABLED": "true",
            "PARAMETERS_SECRETS_EXTENSION_CACHE_SIZE": "500",
            "PARAMETERS_SECRETS_EXTENSION_HTTP_PORT": "2773",
            "PARAMETERS_SECRETS_EXTENSION_LOG_LEVEL": "info",
            "PARAMETERS_SECRETS_EXTENSION_MAX_CONNECTIONS": "3",
            "SECRETS_MANAGER_TIMEOUT_MILLIS": "0",
            "SECRETS_MANAGER_TTL": "300",
            "SECRET_NAME": "foobar",
            "SSM_PARAMETER_STORE_TIMEOUT_MILLIS": "0",
            "SSM_PARAMETER_STORE_TTL": "300",
            "TABLE_NAME": {
              "Ref": "BitbucketDevinSlackIntegratorBitbucketMargeRequestTimestampTable5DFFF1B0",
            },
          },
        },
        "Handler": "index.handler",
        "Layers": [
          {
            "Fn::FindInMap": [
              "ParamsandsecretslayerMap",
              {
                "Ref": "AWS::Region",
              },
              "1x0x103xarm64",
            ],
          },
        ],
        "LoggingConfig": {
          "ApplicationLogLevel": "INFO",
          "LogFormat": "JSON",
          "LogGroup": {
            "Ref": "BitbucketDevinSlackIntegratorIntegratorFunctionLogGroup706F8A4A",
          },
          "SystemLogLevel": "INFO",
        },
        "Role": {
          "Fn::GetAtt": [
            "BitbucketDevinSlackIntegratorIntegratorFunctionExecutionRole8E4F377B",
            "Arn",
          ],
        },
        "Runtime": {
          "Fn::FindInMap": [
            "LatestNodeRuntimeMap",
            {
              "Ref": "AWS::Region",
            },
            "value",
          ],
        },
        "Timeout": 10,
      },
      "Type": "AWS::Lambda::Function",
    },
    "BitbucketDevinSlackIntegratorIntegratorFunctionExecutionRole8E4F377B": {
      "Properties": {
        "AssumeRolePolicyDocument": {
          "Statement": [
            {
              "Action": "sts:AssumeRole",
              "Effect": "Allow",
              "Principal": {
                "Service": "lambda.amazonaws.com",
              },
            },
          ],
          "Version": "2012-10-17",
        },
        "ManagedPolicyArns": [
          {
            "Fn::Join": [
              "",
              [
                "arn:",
                {
                  "Ref": "AWS::Partition",
                },
                ":iam::aws:policy/service-role/AWSLambdaBasicExecutionRole",
              ],
            ],
          },
        ],
        "Policies": [
          {
            "PolicyDocument": {
              "Statement": [
                {
                  "Action": "secretsmanager:GetSecretValue",
                  "Effect": "Allow",
                  "Resource": {
                    "Fn::Join": [
                      "",
                      [
                        "arn:",
                        {
                          "Ref": "AWS::Partition",
                        },
                        ":secretsmanager:",
                        {
                          "Ref": "AWS::Region",
                        },
                        ":",
                        {
                          "Ref": "AWS::AccountId",
                        },
                        ":secret:foobar*",
                      ],
                    ],
                  },
                },
              ],
              "Version": "2012-10-17",
            },
            "PolicyName": "get-secret-policy",
          },
          {
            "PolicyDocument": {
              "Statement": [
                {
                  "Action": [
                    "dynamodb:GetItem",
                    "dynamodb:PutItem",
                    "dynamodb:DeleteItem",
                  ],
                  "Effect": "Allow",
                  "Resource": {
                    "Fn::GetAtt": [
                      "BitbucketDevinSlackIntegratorBitbucketMargeRequestTimestampTable5DFFF1B0",
                      "Arn",
                    ],
                  },
                },
              ],
              "Version": "2012-10-17",
            },
            "PolicyName": "write-dynamodb-policy",
          },
        ],
      },
      "Type": "AWS::IAM::Role",
    },
    "BitbucketDevinSlackIntegratorIntegratorFunctionLogGroup706F8A4A": {
      "DeletionPolicy": "RetainExceptOnCreate",
      "Properties": {
        "RetentionInDays": 90,
      },
      "Type": "AWS::Logs::LogGroup",
      "UpdateReplacePolicy": "Retain",
    },
    "BitbucketDevinSlackIntegratorSlackBitbucketIntegrationAPI7CFFB5EB": {
      "Properties": {
        "Name": "Slack Bitbucket Integration API",
        "ProtocolType": "HTTP",
      },
      "Type": "AWS::ApiGatewayV2::Api",
    },
    "BitbucketDevinSlackIntegratorSlackBitbucketIntegrationAPIDefaultStageEE341E55": {
      "Properties": {
        "ApiId": {
          "Ref": "BitbucketDevinSlackIntegratorSlackBitbucketIntegrationAPI7CFFB5EB",
        },
        "AutoDeploy": true,
        "StageName": "$default",
      },
      "Type": "AWS::ApiGatewayV2::Stage",
    },
    "BitbucketDevinSlackIntegratorSlackBitbucketIntegrationAPIPOSTbitbucketpullrequestchannelBE8A3314": {
      "Properties": {
        "ApiId": {
          "Ref": "BitbucketDevinSlackIntegratorSlackBitbucketIntegrationAPI7CFFB5EB",
        },
        "AuthorizationType": "NONE",
        "RouteKey": "POST /bitbucket/pull/request/{channel}",
        "Target": {
          "Fn::Join": [
            "",
            [
              "integrations/",
              {
                "Ref": "BitbucketDevinSlackIntegratorSlackBitbucketIntegrationAPIPOSTbitbucketpullrequestchannelBitbucketWebhookIntegrationF61A42C9",
              },
            ],
          ],
        },
      },
      "Type": "AWS::ApiGatewayV2::Route",
    },
    "BitbucketDevinSlackIntegratorSlackBitbucketIntegrationAPIPOSTbitbucketpullrequestchannelBitbucketWebhookIntegrationF61A42C9": {
      "Properties": {
        "ApiId": {
          "Ref": "BitbucketDevinSlackIntegratorSlackBitbucketIntegrationAPI7CFFB5EB",
        },
        "IntegrationType": "AWS_PROXY",
        "IntegrationUri": {
          "Fn::GetAtt": [
            "BitbucketDevinSlackIntegratorIntegratorFunction7E58E405",
            "Arn",
          ],
        },
        "PayloadFormatVersion": "2.0",
      },
      "Type": "AWS::ApiGatewayV2::Integration",
    },
    "BitbucketDevinSlackIntegratorSlackBitbucketIntegrationAPIPOSTbitbucketpullrequestchannelBitbucketWebhookIntegrationPermission3D09A91E": {
      "Properties": {
        "Action": "lambda:InvokeFunction",
        "FunctionName": {
          "Fn::GetAtt": [
            "BitbucketDevinSlackIntegratorIntegratorFunction7E58E405",
            "Arn",
          ],
        },
        "Principal": "apigateway.amazonaws.com",
        "SourceArn": {
          "Fn::Join": [
            "",
            [
              "arn:",
              {
                "Ref": "AWS::Partition",
              },
              ":execute-api:",
              {
                "Ref": "AWS::Region",
              },
              ":",
              {
                "Ref": "AWS::AccountId",
              },
              ":",
              {
                "Ref": "BitbucketDevinSlackIntegratorSlackBitbucketIntegrationAPI7CFFB5EB",
              },
              "/*/*/bitbucket/pull/request/{channel}",
            ],
          ],
        },
      },
      "Type": "AWS::Lambda::Permission",
    },
    "BitbucketDevinSlackIntegratorSlackBitbucketIntegrationAPIPOSTchannel5D4CA6B0": {
      "Properties": {
        "ApiId": {
          "Ref": "BitbucketDevinSlackIntegratorSlackBitbucketIntegrationAPI7CFFB5EB",
        },
        "AuthorizationType": "NONE",
        "RouteKey": "POST /{channel}",
        "Target": {
          "Fn::Join": [
            "",
            [
              "integrations/",
              {
                "Ref": "BitbucketDevinSlackIntegratorSlackBitbucketIntegrationAPIPOSTchannelBitbucketWebhookIntegration1EFD86F5",
              },
            ],
          ],
        },
      },
      "Type": "AWS::ApiGatewayV2::Route",
    },
    "BitbucketDevinSlackIntegratorSlackBitbucketIntegrationAPIPOSTchannelBitbucketWebhookIntegration1EFD86F5": {
      "Properties": {
        "ApiId": {
          "Ref": "BitbucketDevinSlackIntegratorSlackBitbucketIntegrationAPI7CFFB5EB",
        },
        "IntegrationType": "AWS_PROXY",
        "IntegrationUri": {
          "Fn::GetAtt": [
            "BitbucketDevinSlackIntegratorIntegratorFunction7E58E405",
            "Arn",
          ],
        },
        "PayloadFormatVersion": "2.0",
      },
      "Type": "AWS::ApiGatewayV2::Integration",
    },
    "BitbucketDevinSlackIntegratorSlackBitbucketIntegrationAPIPOSTchannelBitbucketWebhookIntegrationPermission802D488E": {
      "Properties": {
        "Action": "lambda:InvokeFunction",
        "FunctionName": {
          "Fn::GetAtt": [
            "BitbucketDevinSlackIntegratorIntegratorFunction7E58E405",
            "Arn",
          ],
        },
        "Principal": "apigateway.amazonaws.com",
        "SourceArn": {
          "Fn::Join": [
            "",
            [
              "arn:",
              {
                "Ref": "AWS::Partition",
              },
              ":execute-api:",
              {
                "Ref": "AWS::Region",
              },
              ":",
              {
                "Ref": "AWS::AccountId",
              },
              ":",
              {
                "Ref": "BitbucketDevinSlackIntegratorSlackBitbucketIntegrationAPI7CFFB5EB",
              },
              "/*/*/{channel}",
            ],
          ],
        },
      },
      "Type": "AWS::Lambda::Permission",
    },
  },
  "Rules": {
    "CheckBootstrapVersion": {
      "Assertions": [
        {
          "Assert": {
            "Fn::Not": [
              {
                "Fn::Contains": [
                  [
                    "1",
                    "2",
                    "3",
                    "4",
                    "5",
                  ],
                  {
                    "Ref": "BootstrapVersion",
                  },
                ],
              },
            ],
          },
          "AssertDescription": "CDK bootstrap stack version 6 required. Please run 'cdk bootstrap' with a recent version of the CDK CLI.",
        },
      ],
    },
  },
}
`;
